// Jest Snapshot v1, https://goo.gl/fbAQLP

exports[`matches Footer snapshot 1`] = `
<footer
  className="footer mt-auto w-100 button-footer d-flex align-items-center"
  data-testid="appFooter"
>
  <a
    className="btn btn-lg w-25 h-100 d-flex flex-column align-items-center py-1 px-0 justify-content-between footer-btn"
    href="/activities"
    onClick={[Function]}
    role="button"
  >
    <img
      alt="add-stack"
      className="footer-img"
      src="home.png"
    />
    <p
      className="mb-0"
    >
      Home
    </p>
  </a>
  <a
    className="btn btn-lg w-25 h-100 d-flex flex-column align-items-center py-1 px-0 justify-content-between footer-btn"
    href="/create-activity"
    onClick={[Function]}
    role="button"
  >
    <img
      alt="add-stack"
      className="footer-img"
      src="add-stack.png"
    />
    <p
      className="mb-0"
    >
      Create Activity
    </p>
  </a>
  <a
    className="btn btn-lg w-25 h-100 d-flex flex-column align-items-center py-1 px-0 justify-content-between footer-btn"
    href="/information"
    onClick={[Function]}
    role="button"
  >
    <img
      alt="add-stack"
      className="footer-img"
      src="progress.png"
    />
    <p
      className="mb-0"
    >
      Information
    </p>
  </a>
  <a
    className="btn btn-lg w-25 h-100 d-flex flex-column align-items-center py-1 px-0 justify-content-between footer-btn"
    href="/activities"
    onClick={[Function]}
    role="button"
  >
    <img
      alt="add-stack"
      className="footer-img"
      src="track-it.png"
    />
    <p
      className="mb-0"
    >
      More
    </p>
  </a>
</footer>
`;
